2018/01/11 23:29:15 [I] [asm_amd64.s:2337] http server Running on http://:8080
2018/01/11 23:29:44 [I] [asm_amd64.s:509] 新增的ID是 3
2018/01/11 23:29:44 [I] [asm_amd64.s:509] 2新增的ID是 3
2018/01/11 23:29:44 [I] [asm_amd64.s:509] 错误
2018/01/11 23:29:44 [D] [server.go:2619] |      127.0.0.1|[42m 200 [0m|  78.678287ms|   match|[44m GET     [0m /my   r:/my
2018/01/11 23:30:44 [I] [asm_amd64.s:509] 新增的ID是 4
2018/01/11 23:30:44 [I] [asm_amd64.s:509] 2新增的ID是 4
2018/01/11 23:30:44 [I] [asm_amd64.s:509] 错误
2018/01/11 23:30:44 [D] [server.go:2619] |      127.0.0.1|[42m 200 [0m|   8.813279ms|   match|[44m GET     [0m /my   r:/my
2018/01/11 23:30:48 [I] [asm_amd64.s:2337] http server Running on http://:8080
2018/01/11 23:31:29 [I] [asm_amd64.s:2337] http server Running on http://:8080
2018/01/11 23:31:30 [I] [asm_amd64.s:509] 新增的ID是 5
2018/01/11 23:31:30 [I] [asm_amd64.s:509] 2新增的ID是 5
2018/01/11 23:31:30 [I] [asm_amd64.s:509] 正确
2018/01/11 23:31:30 [D] [server.go:2619] |      127.0.0.1|[42m 200 [0m|  12.230195ms|   match|[44m GET     [0m /my   r:/my
